python : E
En línea: 1 Carácter: 
1
+ python -m unittest t
est/test_connection.py
 > test_output.txt 
2>&1
+ ~~~~~~~~~~~~~~~~~~~~
~~~~~~~~~~~~~~~~~~~~~~
~~~~~~~~~~~~~~~~~~~~~~
~
    + CategoryInfo    
          : NotSpeci  
  fied: (E:String)    
 [], RemoteExcepti    
on
    + FullyQualifiedE 
   rrorId : NativeCo  
  mmandError
 
======================
======================
======================
====
ERROR: 
test_connection (unitt
est.loader._FailedTest
.test_connection)
----------------------
----------------------
----------------------
----
ImportError: Failed 
to import test 
module: 
test_connection
Traceback (most 
recent call last):
  File "C:\Users\ruizg
\AppData\Local\Program
s\Python\Python312\Lib
\unittest\loader.py", 
line 137, in 
loadTestsFromName
    module = __import_
_(module_name)
             ^^^^^^^^^
^^^^^^^^^^^^^^
ModuleNotFoundError: 
No module named 
'test.test_connection'


----------------------
----------------------
----------------------
----
Ran 1 test in 0.000s

FAILED (errors=1)
